
node.exe : [31mX [41;31m[[41;97mERROR[41;31m][0m [1mNG8002: Can't bind 
    + FullyQualifiedErrorId : NativeCommandError
  Error occurs in the template of component AddressComponent.
[31mX [41;31m[[41;97mERROR[41;31m][0m [1mNG8002: Can't bind to 'ngModel' 
  Error occurs in the template of component AddressComponent.
[31mX [41;31m[[41;97mERROR[41;31m][0m [1mNG8002: Can't bind to 'ngModel' 
  Error occurs in the template of component AddressComponent.
[31mX [41;31m[[41;97mERROR[41;31m][0m [1mNG8002: Can't bind to 'ngModel' 
  Error occurs in the template of component AddressComponent.
[31mX [41;31m[[41;97mERROR[41;31m][0m [1mNG8002: Can't bind to 'ngModel' 
  Error occurs in the template of component AddressComponent.
[31mX [41;31m[[41;97mERROR[41;31m][0m [1mNG8002: Can't bind to 'ngModel' 
  Error occurs in the template of component AddressComponent.
[31mX [41;31m[[41;97mERROR[41;31m][0m [1mNG8002: Can't bind to 'ngModel' 
  Error occurs in the template of component AddressComponent.
[31mX [41;31m[[41;97mERROR[41;31m][0m [1mNG8002: Can't bind to 'ngModel' 
  Error occurs in the template of component AddressComponent.
[31mX [41;31m[[41;97mERROR[41;31m][0m [1mNG8002: Can't bind to 'ngModel' 
  Error occurs in the template of component AddressComponent.
[31mX [41;31m[[41;97mERROR[41;31m][0m [1mNG8002: Can't bind to 'ngModel' 
  Error occurs in the template of component AddressComponent.
[31mX [41;31m[[41;97mERROR[41;31m][0m [1mNG8002: Can't bind to 'ngModel' 
  Error occurs in the template of component AddressComponent.
[31mX [41;31m[[41;97mERROR[41;31m][0m [1mNG8002: Can't bind to 'ngModel' 
  Error occurs in the template of component AddressComponent.
[31mX [41;31m[[41;97mERROR[41;31m][0m [1mNG8002: Can't bind to 'ngModel' 
  Error occurs in the template of component AddressComponent.
[31mX [41;31m[[41;97mERROR[41;31m][0m [1mTS2305: Module 
[31mX [41;31m[[41;97mERROR[41;31m][0m [1mNG1010: Value at position 6 in 
[31mX [41;31m[[41;97mERROR[41;31m][0m [1mTS2305: Module 
[31mX [41;31m[[41;97mERROR[41;31m][0m [1mNG8001: 'router-outlet' is not 
  Error occurs in the template of component App.
[31mX [41;31m[[41;97mERROR[41;31m][0m [1mNG8002: Can't bind to 'ngModel' 
  Error occurs in the template of component BookingComponent.
[31mX [41;31m[[41;97mERROR[41;31m][0m [1mNG8002: Can't bind to 'ngModel' 
  Error occurs in the template of component BookingComponent.
[31mX [41;31m[[41;97mERROR[41;31m][0m [1mNG8002: Can't bind to 'ngModel' 
  Error occurs in the template of component BookingComponent.
[31mX [41;31m[[41;97mERROR[41;31m][0m [1mNG8002: Can't bind to 'ngModel' 
  Error occurs in the template of component BookingComponent.
[31mX [41;31m[[41;97mERROR[41;31m][0m [1mNG8002: Can't bind to 'ngModel' 
  Error occurs in the template of component BookingComponent.
[31mX [41;31m[[41;97mERROR[41;31m][0m [1mNG8002: Can't bind to 'ngModel' 
  Error occurs in the template of component BookingComponent.
[31mX [41;31m[[41;97mERROR[41;31m][0m [1mNG8002: Can't bind to 'ngModel' 
  Error occurs in the template of component BookingComponent.
[31mX [41;31m[[41;97mERROR[41;31m][0m [1mNG8002: Can't bind to 'ngModel' 
  Error occurs in the template of component BookingComponent.
[31mX [41;31m[[41;97mERROR[41;31m][0m [1mNG8002: Can't bind to 'ngModel' 
  Error occurs in the template of component BookingComponent.
[31mX [41;31m[[41;97mERROR[41;31m][0m [1mNG8002: Can't bind to 'ngModel' 
  Error occurs in the template of component BookingComponent.
[31mX [41;31m[[41;97mERROR[41;31m][0m [1mNG8002: Can't bind to 'ngModel' 
  Error occurs in the template of component BookingComponent.
[31mX [41;31m[[41;97mERROR[41;31m][0m [1mNG8002: Can't bind to 'ngModel' 
  Error occurs in the template of component BookingComponent.
[31mX [41;31m[[41;97mERROR[41;31m][0m [1mNG8002: Can't bind to 'ngModel' 
  Error occurs in the template of component BookingComponent.
[31mX [41;31m[[41;97mERROR[41;31m][0m [1mNG8002: Can't bind to 'ngModel' 
  Error occurs in the template of component BookingComponent.
[31mX [41;31m[[41;97mERROR[41;31m][0m [1mNG8002: Can't bind to 'ngModel' 
  Error occurs in the template of component BookingComponent.
[31mX [41;31m[[41;97mERROR[41;31m][0m [1mNG8002: Can't bind to 'ngModel' 
  Error occurs in the template of component BookingComponent.
[31mX [41;31m[[41;97mERROR[41;31m][0m [1mNG8002: Can't bind to 'ngModel' 
  Error occurs in the template of component CustomerComponent.
[31mX [41;31m[[41;97mERROR[41;31m][0m [1mNG8002: Can't bind to 'ngModel' 
  Error occurs in the template of component CustomerComponent.
[31mX [41;31m[[41;97mERROR[41;31m][0m [1mNG8002: Can't bind to 'ngModel' 
  Error occurs in the template of component CustomerComponent.
[31mX [41;31m[[41;97mERROR[41;31m][0m [1mNG8002: Can't bind to 'ngModel' 
  Error occurs in the template of component CustomerComponent.
[31mX [41;31m[[41;97mERROR[41;31m][0m [1mNG8002: Can't bind to 'ngModel' 
  Error occurs in the template of component CustomerComponent.
[31mX [41;31m[[41;97mERROR[41;31m][0m [1mNG8002: Can't bind to 'ngModel' 
  Error occurs in the template of component CustomerComponent.
[31mX [41;31m[[41;97mERROR[41;31m][0m [1mNG8002: Can't bind to 'ngModel' 
  Error occurs in the template of component CustomerComponent.
[31mX [41;31m[[41;97mERROR[41;31m][0m [1mNG8002: Can't bind to 'ngModel' 
  Error occurs in the template of component CustomerComponent.
[31mX [41;31m[[41;97mERROR[41;31m][0m [1mNG8002: Can't bind to 'ngModel' 
  Error occurs in the template of component CustomerComponent.
[31mX [41;31m[[41;97mERROR[41;31m][0m [1mNG8002: Can't bind to 'ngModel' 
  Error occurs in the template of component CustomerComponent.
[31mX [41;31m[[41;97mERROR[41;31m][0m [1mNG8002: Can't bind to 'ngModel' 
  Error occurs in the template of component LocationComponent.
[31mX [41;31m[[41;97mERROR[41;31m][0m [1mNG8002: Can't bind to 'ngModel' 
  Error occurs in the template of component LocationComponent.
[31mX [41;31m[[41;97mERROR[41;31m][0m [1mNG8002: Can't bind to 'ngModel' 
  Error occurs in the template of component LocationComponent.
[31mX [41;31m[[41;97mERROR[41;31m][0m [1mNG8002: Can't bind to 'ngModel' 
  Error occurs in the template of component LocationComponent.
[31mX [41;31m[[41;97mERROR[41;31m][0m [1mNG8002: Can't bind to 'ngModel' 
  Error occurs in the template of component LocationComponent.
[31mX [41;31m[[41;97mERROR[41;31m][0m [1mNG8002: Can't bind to 'ngModel' 
  Error occurs in the template of component LocationComponent.
[31mX [41;31m[[41;97mERROR[41;31m][0m [1mTS2551: Property 'loadVehicles' 
  Error occurs in the template of component Vehicle.
[31mX [41;31m[[41;97mERROR[41;31m][0m [1mTS2339: Property 'loading' does 
  Error occurs in the template of component Vehicle.
[31mX [41;31m[[41;97mERROR[41;31m][0m [1mTS2339: Property 'loading' does 
  Error occurs in the template of component Vehicle.
[31mX [41;31m[[41;97mERROR[41;31m][0m [1mTS2339: Property 'errorMessage' 
[37m      15 Γöé   @if ([32merrorMessage[37m) {
  Error occurs in the template of component Vehicle.
[31mX [41;31m[[41;97mERROR[41;31m][0m [1mTS2339: Property 'errorMessage' 
[37m      16 Γöé     <p class="error">{{ [32merrorMessage[37m }}</p>
  Error occurs in the template of component Vehicle.
[31mX [41;31m[[41;97mERROR[41;31m][0m [1mTS2339: Property 'loading' does 
!errorMessage) {
  Error occurs in the template of component Vehicle.
[31mX [41;31m[[41;97mERROR[41;31m][0m [1mTS2339: Property 'errorMessage' 
![32merrorMessage[37m) {
  Error occurs in the template of component Vehicle.
[31mX [41;31m[[41;97mERROR[41;31m][0m [1mTS2339: Property 'id' does not 
  Error occurs in the template of component Vehicle.
[31mX [41;31m[[41;97mERROR[41;31m][0m [1mTS2339: Property 
  Error occurs in the template of component Vehicle.
[31mX [41;31m[[41;97mERROR[41;31m][0m [1mTS2339: Property 'id' does not 
  Error occurs in the template of component Vehicle.
[31mX [41;31m[[41;97mERROR[41;31m][0m [1mTS2551: Property 
  Error occurs in the template of component Vehicle.
[31mX [41;31m[[41;97mERROR[41;31m][0m [1mTS2339: Property 'id' does not 
  Error occurs in the template of component Vehicle.
[31mX [41;31m[[41;97mERROR[41;31m][0m [1mTS2551: Property 
  Error occurs in the template of component Vehicle.
[31mX [41;31m[[41;97mERROR[41;31m][0m [1mTS2339: Property 'id' does not 
  Error occurs in the template of component Vehicle.
[31mX [41;31m[[41;97mERROR[41;31m][0m [1mTS2339: Property 
  Error occurs in the template of component Vehicle.
[31mX [41;31m[[41;97mERROR[41;31m][0m [1mNG8002: Can't bind to 'ngModel' 
  Error occurs in the template of component Vehicle.
[31mX [41;31m[[41;97mERROR[41;31m][0m [1mNG8002: Can't bind to 'ngModel' 
  Error occurs in the template of component Vehicle.
[31mX [41;31m[[41;97mERROR[41;31m][0m [1mNG8002: Can't bind to 'ngModel' 
  Error occurs in the template of component Vehicle.
[31mX [41;31m[[41;97mERROR[41;31m][0m [1mNG8002: Can't bind to 'ngModel' 
  Error occurs in the template of component Vehicle.
[31mX [41;31m[[41;97mERROR[41;31m][0m [1mNG8002: Can't bind to 'ngModel' 
  Error occurs in the template of component Vehicle.
[31mX [41;31m[[41;97mERROR[41;31m][0m [1mNG8002: Can't bind to 'ngModel' 
  Error occurs in the template of component Vehicle.
[31mX [41;31m[[41;97mERROR[41;31m][0m [1mTS2551: Property 
  Error occurs in the template of component Vehicle.
[31mX [41;31m[[41;97mERROR[41;31m][0m [1mTS2339: Property 'id' does not 
  Error occurs in the template of component Vehicle.
[31mX [41;31m[[41;97mERROR[41;31m][0m [1mNG8002: Can't bind to 'ngModel' 
  Error occurs in the template of component Vehicle.
[31mX [41;31m[[41;97mERROR[41;31m][0m [1mNG8002: Can't bind to 'ngModel' 
  Error occurs in the template of component Vehicle.
[31mX [41;31m[[41;97mERROR[41;31m][0m [1mNG8002: Can't bind to 'ngModel' 
  Error occurs in the template of component Vehicle.
[31mX [41;31m[[41;97mERROR[41;31m][0m [1mNG8002: Can't bind to 'ngModel' 
  Error occurs in the template of component Vehicle.
[31mX [41;31m[[41;97mERROR[41;31m][0m [1mNG8002: Can't bind to 'ngModel' 
  Error occurs in the template of component Vehicle.
[31mX [41;31m[[41;97mERROR[41;31m][0m [1mNG8002: Can't bind to 'ngModel' 
  Error occurs in the template of component Vehicle.


