
> nhpark-ui@0.0.0 build
> ng build

Γ¥» Building...
Γ£ö Building...
Application bundle generation failed. [2.671 seconds] - 2026-07-01T21:50:18.383Z

node.exe : [31mX [41;31m[[41;97mERROR[41;31m][0m [1mNG8002: Can't bind 
to 'ngModel' since it isn't a known property of 'input'.[0m [1m[35m[plugin 
angular-compiler][0m
At line:1 char:1
+ & "C:\Program Files\nodejs/node.exe" "C:\Program Files\nodejs/node_mo ...
+ ~~~~~~~~~~~~~~~~~~~~~~~~~~~~~~~~~~~~~~~~~~~~~~~~~~~~~~~~~~~~~~~~~~~~~
    + CategoryInfo          : NotSpecified: ([31mX [41;31m...r-compiler][0m 
   :String) [], RemoteException
    + FullyQualifiedErrorId : NativeCommandError
 

    src/app/address/address.html:101:29:
[37m      101 Γöé ...put type="text" 
[32m[(ngModel)]="newAddress.street"[37m name="street" ...
          Γò╡                    [32m~~~~~~~~~~~~~~~~~~~~~~~~~~~~~~~[0m

  Error occurs in the template of component AddressComponent.

    src/app/address/address.ts:8:15:
[37m      8 Γöé   templateUrl: [32m'./address.html'[37m,
        Γò╡                [32m~~~~~~~~~~~~~~~~[0m


[31mX [41;31m[[41;97mERROR[41;31m][0m [1mNG8002: Can't bind to 'ngModel' 
since it isn't a known property of 'input'.[0m [1m[35m[plugin 
angular-compiler][0m

    src/app/address/address.html:106:29:
[37m      106 Γöé ...nput type="text" [32m[(ngModel)]="newAddress.city"[37m 
name="city" req...
          Γò╡                     [32m~~~~~~~~~~~~~~~~~~~~~~~~~~~~~[0m

  Error occurs in the template of component AddressComponent.

    src/app/address/address.ts:8:15:
[37m      8 Γöé   templateUrl: [32m'./address.html'[37m,
        Γò╡                [32m~~~~~~~~~~~~~~~~[0m


[31mX [41;31m[[41;97mERROR[41;31m][0m [1mNG8002: Can't bind to 'ngModel' 
since it isn't a known property of 'input'.[0m [1m[35m[plugin 
angular-compiler][0m

    src/app/address/address.html:111:29:
[37m      111 Γöé ...ut type="text" 
[32m[(ngModel)]="newAddress.province"[37m name="provinc...
          Γò╡                   [32m~~~~~~~~~~~~~~~~~~~~~~~~~~~~~~~~~[0m

  Error occurs in the template of component AddressComponent.

    src/app/address/address.ts:8:15:
[37m      8 Γöé   templateUrl: [32m'./address.html'[37m,
        Γò╡                [32m~~~~~~~~~~~~~~~~[0m


[31mX [41;31m[[41;97mERROR[41;31m][0m [1mNG8002: Can't bind to 'ngModel' 
since it isn't a known property of 'input'.[0m [1m[35m[plugin 
angular-compiler][0m

    src/app/address/address.html:116:29:
[37m      116 Γöé ...t type="text" 
[32m[(ngModel)]="newAddress.postalCode"[37m name="postal...
          Γò╡                  [32m~~~~~~~~~~~~~~~~~~~~~~~~~~~~~~~~~~~[0m

  Error occurs in the template of component AddressComponent.

    src/app/address/address.ts:8:15:
[37m      8 Γöé   templateUrl: [32m'./address.html'[37m,
        Γò╡                [32m~~~~~~~~~~~~~~~~[0m


[31mX [41;31m[[41;97mERROR[41;31m][0m [1mNG8002: Can't bind to 'ngModel' 
since it isn't a known property of 'input'.[0m [1m[35m[plugin 
angular-compiler][0m

    src/app/address/address.html:121:29:
[37m      121 Γöé ...ut type="text" 
[32m[(ngModel)]="newAddress.country"[37m name="country"...
          Γò╡                   [32m~~~~~~~~~~~~~~~~~~~~~~~~~~~~~~~~[0m

  Error occurs in the template of component AddressComponent.

    src/app/address/address.ts:8:15:
[37m      8 Γöé   templateUrl: [32m'./address.html'[37m,
        Γò╡                [32m~~~~~~~~~~~~~~~~[0m


[31mX [41;31m[[41;97mERROR[41;31m][0m [1mNG8002: Can't bind to 'ngModel' 
since it isn't a known property of 'input'.[0m [1m[35m[plugin 
angular-compiler][0m

    src/app/address/address.html:126:29:
[37m      126 Γöé ...put type="text" [32m[(ngModel)]="newAddress.phone"[37m 
name="phone" re...
          Γò╡                    [32m~~~~~~~~~~~~~~~~~~~~~~~~~~~~~~[0m

  Error occurs in the template of component AddressComponent.

    src/app/address/address.ts:8:15:
[37m      8 Γöé   templateUrl: [32m'./address.html'[37m,
        Γò╡                [32m~~~~~~~~~~~~~~~~[0m


[31mX [41;31m[[41;97mERROR[41;31m][0m [1mNG8002: Can't bind to 'ngModel' 
since it isn't a known property of 'input'.[0m [1m[35m[plugin 
angular-compiler][0m

    src/app/address/address.html:131:31:
[37m      131 Γöé ...type="number" 
[32m[(ngModel)]="newAddress.customerId"[37m name="custom...
          Γò╡                  [32m~~~~~~~~~~~~~~~~~~~~~~~~~~~~~~~~~~~[0m

  Error occurs in the template of component AddressComponent.

    src/app/address/address.ts:8:15:
[37m      8 Γöé   templateUrl: [32m'./address.html'[37m,
        Γò╡                [32m~~~~~~~~~~~~~~~~[0m


[31mX [41;31m[[41;97mERROR[41;31m][0m [1mNG8002: Can't bind to 'ngModel' 
since it isn't a known property of 'input'.[0m [1m[35m[plugin 
angular-compiler][0m

    src/app/address/address.html:156:29:
[37m      156 Γöé ...t type="text" 
[32m[(ngModel)]="updatedAddress.street"[37m name="street...
          Γò╡                  [32m~~~~~~~~~~~~~~~~~~~~~~~~~~~~~~~~~~~[0m

  Error occurs in the template of component AddressComponent.

    src/app/address/address.ts:8:15:
[37m      8 Γöé   templateUrl: [32m'./address.html'[37m,
        Γò╡                [32m~~~~~~~~~~~~~~~~[0m


[31mX [41;31m[[41;97mERROR[41;31m][0m [1mNG8002: Can't bind to 'ngModel' 
since it isn't a known property of 'input'.[0m [1m[35m[plugin 
angular-compiler][0m

    src/app/address/address.html:161:29:
[37m      161 Γöé ...ut type="text" 
[32m[(ngModel)]="updatedAddress.city"[37m name="city" r...
          Γò╡                   [32m~~~~~~~~~~~~~~~~~~~~~~~~~~~~~~~~~[0m

  Error occurs in the template of component AddressComponent.

    src/app/address/address.ts:8:15:
[37m      8 Γöé   templateUrl: [32m'./address.html'[37m,
        Γò╡                [32m~~~~~~~~~~~~~~~~[0m


[31mX [41;31m[[41;97mERROR[41;31m][0m [1mNG8002: Can't bind to 'ngModel' 
since it isn't a known property of 'input'.[0m [1m[35m[plugin 
angular-compiler][0m

    src/app/address/address.html:166:29:
[37m      166 Γöé ... type="text" 
[32m[(ngModel)]="updatedAddress.province"[37m name="provi...
          Γò╡                 [32m~~~~~~~~~~~~~~~~~~~~~~~~~~~~~~~~~~~~~[0m

  Error occurs in the template of component AddressComponent.

    src/app/address/address.ts:8:15:
[37m      8 Γöé   templateUrl: [32m'./address.html'[37m,
        Γò╡                [32m~~~~~~~~~~~~~~~~[0m


[31mX [41;31m[[41;97mERROR[41;31m][0m [1mNG8002: Can't bind to 'ngModel' 
since it isn't a known property of 'input'.[0m [1m[35m[plugin 
angular-compiler][0m

    src/app/address/address.html:171:29:
[37m      171 Γöé ...type="text" 
[32m[(ngModel)]="updatedAddress.postalCode"[37m name="post...
          Γò╡                [32m~~~~~~~~~~~~~~~~~~~~~~~~~~~~~~~~~~~~~~~[0m

  Error occurs in the template of component AddressComponent.

    src/app/address/address.ts:8:15:
[37m      8 Γöé   templateUrl: [32m'./address.html'[37m,
        Γò╡                [32m~~~~~~~~~~~~~~~~[0m


[31mX [41;31m[[41;97mERROR[41;31m][0m [1mNG8002: Can't bind to 'ngModel' 
since it isn't a known property of 'input'.[0m [1m[35m[plugin 
angular-compiler][0m

    src/app/address/address.html:176:29:
[37m      176 Γöé ... type="text" 
[32m[(ngModel)]="updatedAddress.country"[37m name="countr...
          Γò╡                 [32m~~~~~~~~~~~~~~~~~~~~~~~~~~~~~~~~~~~~[0m

  Error occurs in the template of component AddressComponent.

    src/app/address/address.ts:8:15:
[37m      8 Γöé   templateUrl: [32m'./address.html'[37m,
        Γò╡                [32m~~~~~~~~~~~~~~~~[0m


[31mX [41;31m[[41;97mERROR[41;31m][0m [1mNG8002: Can't bind to 'ngModel' 
since it isn't a known property of 'input'.[0m [1m[35m[plugin 
angular-compiler][0m

    src/app/address/address.html:181:29:
[37m      181 Γöé ...t type="text" 
[32m[(ngModel)]="updatedAddress.phone"[37m name="phone" ...
          Γò╡                  [32m~~~~~~~~~~~~~~~~~~~~~~~~~~~~~~~~~~[0m

  Error occurs in the template of component AddressComponent.

    src/app/address/address.ts:8:15:
[37m      8 Γöé   templateUrl: [32m'./address.html'[37m,
        Γò╡                [32m~~~~~~~~~~~~~~~~[0m


[31mX [41;31m[[41;97mERROR[41;31m][0m [1mTS2305: Module 
'"./vehicle/vehicle"' has no exported member 'VehicleComponent'.[0m 
[1m[35m[plugin angular-compiler][0m

    src/app/app-module.ts:14:9:
[37m      14 Γöé import { [32mVehicleComponent[37m } from 
'./vehicle/vehicle';
         Γò╡          [32m~~~~~~~~~~~~~~~~[0m


[31mX [41;31m[[41;97mERROR[41;31m][0m [1mNG1010: Value at position 6 in 
the NgModule.declarations of AppModule is not a reference
  Value could not be determined statically.[0m [1m[35m[plugin 
angular-compiler][0m

    src/app/app-module.ts:17:16:
[37m      17 Γöé   declarations: [32m[[37m
         Γò╡                 [32m^[0m

  Unknown reference.

    src/app/app-module.ts:24:4:
[37m      24 Γöé     [32mVehicleComponent[37m,
         Γò╡     [32m~~~~~~~~~~~~~~~~[0m


[31mX [41;31m[[41;97mERROR[41;31m][0m [1mTS2305: Module 
'"./vehicle/vehicle"' has no exported member 'VehicleComponent'.[0m 
[1m[35m[plugin angular-compiler][0m

    src/app/app-routing-module.ts:9:9:
[37m      9 Γöé import { [32mVehicleComponent[37m } from 
'./vehicle/vehicle';
        Γò╡          [32m~~~~~~~~~~~~~~~~[0m


[31mX [41;31m[[41;97mERROR[41;31m][0m [1mNG8001: 'router-outlet' is not 
a known element:
1. If 'router-outlet' is an Angular component, then verify that it is part of 
this module.
2. If 'router-outlet' is a Web Component then add 'CUSTOM_ELEMENTS_SCHEMA' to 
the '@NgModule.schemas' of this component to suppress this message.[0m 
[1m[35m[plugin angular-compiler][0m

    src/app/app.html:51:2:
[37m      51 Γöé   [32m<router-outlet>[37m</router-outlet>
         Γò╡   [32m~~~~~~~~~~~~~~~[0m

  Error occurs in the template of component App.

    src/app/app.ts:5:15:
[37m      5 Γöé   templateUrl: [32m'./app.html'[37m,
        Γò╡                [32m~~~~~~~~~~~~[0m


[31mX [41;31m[[41;97mERROR[41;31m][0m [1mNG8002: Can't bind to 'ngModel' 
since it isn't a known property of 'input'.[0m [1m[35m[plugin 
angular-compiler][0m

    src/app/booking/booking.html:114:49:
[37m      114 Γöé ...="customerName" 
[32m[(ngModel)]="newBooking.customerName"[37m required />
          Γò╡                    [32m~~~~~~~~~~~~~~~~~~~~~~~~~~~~~~~~~~~~~[0m

  Error occurs in the template of component BookingComponent.

    src/app/booking/booking.ts:8:15:
[37m      8 Γöé   templateUrl: [32m'./booking.html'[37m,
        Γò╡                [32m~~~~~~~~~~~~~~~~[0m


[31mX [41;31m[[41;97mERROR[41;31m][0m [1mNG8002: Can't bind to 'ngModel' 
since it isn't a known property of 'input'.[0m [1m[35m[plugin 
angular-compiler][0m

    src/app/booking/booking.html:119:51:
[37m      119 Γöé ...customerEmail" 
[32m[(ngModel)]="newBooking.customerEmail"[37m required />
          Γò╡                   [32m~~~~~~~~~~~~~~~~~~~~~~~~~~~~~~~~~~~~~~[0m

  Error occurs in the template of component BookingComponent.

    src/app/booking/booking.ts:8:15:
[37m      8 Γöé   templateUrl: [32m'./booking.html'[37m,
        Γò╡                [32m~~~~~~~~~~~~~~~~[0m


[31mX [41;31m[[41;97mERROR[41;31m][0m [1mNG8002: Can't bind to 'ngModel' 
since it isn't a known property of 'input'.[0m [1m[35m[plugin 
angular-compiler][0m

    src/app/booking/booking.html:124:50:
[37m      124 Γöé ...customerPhone" 
[32m[(ngModel)]="newBooking.customerPhone"[37m required />
          Γò╡                   [32m~~~~~~~~~~~~~~~~~~~~~~~~~~~~~~~~~~~~~~[0m

  Error occurs in the template of component BookingComponent.

    src/app/booking/booking.ts:8:15:
[37m      8 Γöé   templateUrl: [32m'./booking.html'[37m,
        Γò╡                [32m~~~~~~~~~~~~~~~~[0m


[31mX [41;31m[[41;97mERROR[41;31m][0m [1mNG8002: Can't bind to 'ngModel' 
since it isn't a known property of 'input'.[0m [1m[35m[plugin 
angular-compiler][0m

    src/app/booking/booking.html:129:48:
[37m      129 Γöé ...me="bookingDate" 
[32m[(ngModel)]="newBooking.bookingDate"[37m required />
          Γò╡                     [32m~~~~~~~~~~~~~~~~~~~~~~~~~~~~~~~~~~~~[0m

  Error occurs in the template of component BookingComponent.

    src/app/booking/booking.ts:8:15:
[37m      8 Γöé   templateUrl: [32m'./booking.html'[37m,
        Γò╡                [32m~~~~~~~~~~~~~~~~[0m


[31mX [41;31m[[41;97mERROR[41;31m][0m [1mNG8002: Can't bind to 'ngModel' 
since it isn't a known property of 'input'.[0m [1m[35m[plugin 
angular-compiler][0m

    src/app/booking/booking.html:134:48:
[37m      134 Γöé ...me="bookingTime" 
[32m[(ngModel)]="newBooking.bookingTime"[37m required />
          Γò╡                     [32m~~~~~~~~~~~~~~~~~~~~~~~~~~~~~~~~~~~~[0m

  Error occurs in the template of component BookingComponent.

    src/app/booking/booking.ts:8:15:
[37m      8 Γöé   templateUrl: [32m'./booking.html'[37m,
        Γò╡                [32m~~~~~~~~~~~~~~~~[0m


[31mX [41;31m[[41;97mERROR[41;31m][0m [1mNG8002: Can't bind to 'ngModel' 
since it isn't a known property of 'input'.[0m [1m[35m[plugin 
angular-compiler][0m

    src/app/booking/booking.html:139:48:
[37m      139 Γöé ...me="serviceType" 
[32m[(ngModel)]="newBooking.serviceType"[37m required />
          Γò╡                     [32m~~~~~~~~~~~~~~~~~~~~~~~~~~~~~~~~~~~~[0m

  Error occurs in the template of component BookingComponent.

    src/app/booking/booking.ts:8:15:
[37m      8 Γöé   templateUrl: [32m'./booking.html'[37m,
        Γò╡                [32m~~~~~~~~~~~~~~~~[0m


[31mX [41;31m[[41;97mERROR[41;31m][0m [1mNG8002: Can't bind to 'ngModel' 
since it isn't a known property of 'select'.[0m [1m[35m[plugin 
angular-compiler][0m

    src/app/booking/booking.html:144:37:
[37m      144 Γöé ...name="vehicleType" 
[32m[(ngModel)]="newBooking.vehicleType"[37m required>
          Γò╡                       
[32m~~~~~~~~~~~~~~~~~~~~~~~~~~~~~~~~~~~~[0m

  Error occurs in the template of component BookingComponent.

    src/app/booking/booking.ts:8:15:
[37m      8 Γöé   templateUrl: [32m'./booking.html'[37m,
        Γò╡                [32m~~~~~~~~~~~~~~~~[0m


[31mX [41;31m[[41;97mERROR[41;31m][0m [1mNG8002: Can't bind to 'ngModel' 
since it isn't a known property of 'input'.[0m [1m[35m[plugin 
angular-compiler][0m

    src/app/booking/booking.html:153:43:
[37m      153 Γöé ...="text" name="status" 
[32m[(ngModel)]="newBooking.status"[37m required />
          Γò╡                          [32m~~~~~~~~~~~~~~~~~~~~~~~~~~~~~~~[0m

  Error occurs in the template of component BookingComponent.

    src/app/booking/booking.ts:8:15:
[37m      8 Γöé   templateUrl: [32m'./booking.html'[37m,
        Γò╡                [32m~~~~~~~~~~~~~~~~[0m


[31mX [41;31m[[41;97mERROR[41;31m][0m [1mNG8002: Can't bind to 'ngModel' 
since it isn't a known property of 'input'.[0m [1m[35m[plugin 
angular-compiler][0m

    src/app/booking/booking.html:182:56:
[37m      182 Γöé ...stomerName" 
[32m[(ngModel)]="updatedBooking.customerName"[37m required />
          Γò╡                [32m~~~~~~~~~~~~~~~~~~~~~~~~~~~~~~~~~~~~~~~~~[0m

  Error occurs in the template of component BookingComponent.

    src/app/booking/booking.ts:8:15:
[37m      8 Γöé   templateUrl: [32m'./booking.html'[37m,
        Γò╡                [32m~~~~~~~~~~~~~~~~[0m


[31mX [41;31m[[41;97mERROR[41;31m][0m [1mNG8002: Can't bind to 'ngModel' 
since it isn't a known property of 'input'.[0m [1m[35m[plugin 
angular-compiler][0m

    src/app/booking/booking.html:187:58:
[37m      187 Γöé ...omerEmail" 
[32m[(ngModel)]="updatedBooking.customerEmail"[37m required />
          Γò╡               [32m~~~~~~~~~~~~~~~~~~~~~~~~~~~~~~~~~~~~~~~~~~[0m

  Error occurs in the template of component BookingComponent.

    src/app/booking/booking.ts:8:15:
[37m      8 Γöé   templateUrl: [32m'./booking.html'[37m,
        Γò╡                [32m~~~~~~~~~~~~~~~~[0m


[31mX [41;31m[[41;97mERROR[41;31m][0m [1mNG8002: Can't bind to 'ngModel' 
since it isn't a known property of 'input'.[0m [1m[35m[plugin 
angular-compiler][0m

    src/app/booking/booking.html:192:57:
[37m      192 Γöé ...omerPhone" 
[32m[(ngModel)]="updatedBooking.customerPhone"[37m required />
          Γò╡               [32m~~~~~~~~~~~~~~~~~~~~~~~~~~~~~~~~~~~~~~~~~~[0m

  Error occurs in the template of component BookingComponent.

    src/app/booking/booking.ts:8:15:
[37m      8 Γöé   templateUrl: [32m'./booking.html'[37m,
        Γò╡                [32m~~~~~~~~~~~~~~~~[0m


[31mX [41;31m[[41;97mERROR[41;31m][0m [1mNG8002: Can't bind to 'ngModel' 
since it isn't a known property of 'input'.[0m [1m[35m[plugin 
angular-compiler][0m

    src/app/booking/booking.html:197:48:
[37m      197 Γöé ...update-date" 
[32m[(ngModel)]="updatedBooking.bookingDate"[37m required />
          Γò╡                 [32m~~~~~~~~~~~~~~~~~~~~~~~~~~~~~~~~~~~~~~~~[0m

  Error occurs in the template of component BookingComponent.

    src/app/booking/booking.ts:8:15:
[37m      8 Γöé   templateUrl: [32m'./booking.html'[37m,
        Γò╡                [32m~~~~~~~~~~~~~~~~[0m


[31mX [41;31m[[41;97mERROR[41;31m][0m [1mNG8002: Can't bind to 'ngModel' 
since it isn't a known property of 'input'.[0m [1m[35m[plugin 
angular-compiler][0m

    src/app/booking/booking.html:202:48:
[37m      202 Γöé ...update-time" 
[32m[(ngModel)]="updatedBooking.bookingTime"[37m required />
          Γò╡                 [32m~~~~~~~~~~~~~~~~~~~~~~~~~~~~~~~~~~~~~~~~[0m

  Error occurs in the template of component BookingComponent.

    src/app/booking/booking.ts:8:15:
[37m      8 Γöé   templateUrl: [32m'./booking.html'[37m,
        Γò╡                [32m~~~~~~~~~~~~~~~~[0m


[31mX [41;31m[[41;97mERROR[41;31m][0m [1mNG8002: Can't bind to 'ngModel' 
since it isn't a known property of 'input'.[0m [1m[35m[plugin 
angular-compiler][0m

    src/app/booking/booking.html:207:55:
[37m      207 Γöé ...serviceType" 
[32m[(ngModel)]="updatedBooking.serviceType"[37m required />
          Γò╡                 [32m~~~~~~~~~~~~~~~~~~~~~~~~~~~~~~~~~~~~~~~~[0m

  Error occurs in the template of component BookingComponent.

    src/app/booking/booking.ts:8:15:
[37m      8 Γöé   templateUrl: [32m'./booking.html'[37m,
        Γò╡                [32m~~~~~~~~~~~~~~~~[0m


[31mX [41;31m[[41;97mERROR[41;31m][0m [1mNG8002: Can't bind to 'ngModel' 
since it isn't a known property of 'select'.[0m [1m[35m[plugin 
angular-compiler][0m

    src/app/booking/booking.html:212:44:
[37m      212 Γöé ...e-vehicleType" 
[32m[(ngModel)]="updatedBooking.vehicleType"[37m required>
          Γò╡                   
[32m~~~~~~~~~~~~~~~~~~~~~~~~~~~~~~~~~~~~~~~~[0m

  Error occurs in the template of component BookingComponent.

    src/app/booking/booking.ts:8:15:
[37m      8 Γöé   templateUrl: [32m'./booking.html'[37m,
        Γò╡                [32m~~~~~~~~~~~~~~~~[0m


[31mX [41;31m[[41;97mERROR[41;31m][0m [1mNG8002: Can't bind to 'ngModel' 
since it isn't a known property of 'input'.[0m [1m[35m[plugin 
angular-compiler][0m

    src/app/booking/booking.html:221:50:
[37m      221 Γöé ...e="update-status" 
[32m[(ngModel)]="updatedBooking.status"[37m required />
          Γò╡                      [32m~~~~~~~~~~~~~~~~~~~~~~~~~~~~~~~~~~~[0m

  Error occurs in the template of component BookingComponent.

    src/app/booking/booking.ts:8:15:
[37m      8 Γöé   templateUrl: [32m'./booking.html'[37m,
        Γò╡                [32m~~~~~~~~~~~~~~~~[0m


[31mX [41;31m[[41;97mERROR[41;31m][0m [1mNG8002: Can't bind to 'ngModel' 
since it isn't a known property of 'input'.[0m [1m[35m[plugin 
angular-compiler][0m

    src/app/customer/customer.html:86:51:
[37m      86 Γöé ..." id="name" name="name" 
[32m[(ngModel)]="newCustomer.name"[37m required />
         Γò╡                            [32m~~~~~~~~~~~~~~~~~~~~~~~~~~~~~~[0m

  Error occurs in the template of component CustomerComponent.

    src/app/customer/customer.ts:8:15:
[37m      8 Γöé   templateUrl: [32m'./customer.html'[37m,
        Γò╡                [32m~~~~~~~~~~~~~~~~~[0m


[31mX [41;31m[[41;97mERROR[41;31m][0m [1mNG8002: Can't bind to 'ngModel' 
since it isn't a known property of 'input'.[0m [1m[35m[plugin 
angular-compiler][0m

    src/app/customer/customer.html:91:54:
[37m      91 Γöé ...d="email" name="email" 
[32m[(ngModel)]="newCustomer.email"[37m required />
         Γò╡                           [32m~~~~~~~~~~~~~~~~~~~~~~~~~~~~~~~[0m

  Error occurs in the template of component CustomerComponent.

    src/app/customer/customer.ts:8:15:
[37m      8 Γöé   templateUrl: [32m'./customer.html'[37m,
        Γò╡                [32m~~~~~~~~~~~~~~~~~[0m


[31mX [41;31m[[41;97mERROR[41;31m][0m [1mNG8002: Can't bind to 'ngModel' 
since it isn't a known property of 'input'.[0m [1m[35m[plugin 
angular-compiler][0m

    src/app/customer/customer.html:96:49:
[37m      96 Γöé ...ate" id="dob" name="dob" 
[32m[(ngModel)]="newCustomer.dob"[37m required />
         Γò╡                             [32m~~~~~~~~~~~~~~~~~~~~~~~~~~~~~[0m

  Error occurs in the template of component CustomerComponent.

    src/app/customer/customer.ts:8:15:
[37m      8 Γöé   templateUrl: [32m'./customer.html'[37m,
        Γò╡                [32m~~~~~~~~~~~~~~~~~[0m


[31mX [41;31m[[41;97mERROR[41;31m][0m [1mNG8002: Can't bind to 'ngModel' 
since it isn't a known property of 'select'.[0m [1m[35m[plugin 
angular-compiler][0m

    src/app/customer/customer.html:101:44:
[37m      101 Γöé ..."gender" name="gender" 
[32m[(ngModel)]="newCustomer.gender"[37m required>
          Γò╡                           
[32m~~~~~~~~~~~~~~~~~~~~~~~~~~~~~~~~[0m

  Error occurs in the template of component CustomerComponent.

    src/app/customer/customer.ts:8:15:
[37m      8 Γöé   templateUrl: [32m'./customer.html'[37m,
        Γò╡                [32m~~~~~~~~~~~~~~~~~[0m


[31mX [41;31m[[41;97mERROR[41;31m][0m [1mNG8002: Can't bind to 'ngModel' 
since it isn't a known property of 'input'.[0m [1m[35m[plugin 
angular-compiler][0m

    src/app/customer/customer.html:115:12:
[37m      115 Γöé             [32m[(ngModel)]="newCustomer.phoneNumber"[37m
          Γò╡             [32m~~~~~~~~~~~~~~~~~~~~~~~~~~~~~~~~~~~~~[0m

  Error occurs in the template of component CustomerComponent.

    src/app/customer/customer.ts:8:15:
[37m      8 Γöé   templateUrl: [32m'./customer.html'[37m,
        Γò╡                [32m~~~~~~~~~~~~~~~~~[0m


[31mX [41;31m[[41;97mERROR[41;31m][0m [1mNG8002: Can't bind to 'ngModel' 
since it isn't a known property of 'input'.[0m [1m[35m[plugin 
angular-compiler][0m

    src/app/customer/customer.html:137:12:
[37m      137 Γöé             [32m[(ngModel)]="updatedCustomer.name"[37m
          Γò╡             [32m~~~~~~~~~~~~~~~~~~~~~~~~~~~~~~~~~~[0m

  Error occurs in the template of component CustomerComponent.

    src/app/customer/customer.ts:8:15:
[37m      8 Γöé   templateUrl: [32m'./customer.html'[37m,
        Γò╡                [32m~~~~~~~~~~~~~~~~~[0m


[31mX [41;31m[[41;97mERROR[41;31m][0m [1mNG8002: Can't bind to 'ngModel' 
since it isn't a known property of 'input'.[0m [1m[35m[plugin 
angular-compiler][0m

    src/app/customer/customer.html:148:12:
[37m      148 Γöé             [32m[(ngModel)]="updatedCustomer.email"[37m
          Γò╡             [32m~~~~~~~~~~~~~~~~~~~~~~~~~~~~~~~~~~~[0m

  Error occurs in the template of component CustomerComponent.

    src/app/customer/customer.ts:8:15:
[37m      8 Γöé   templateUrl: [32m'./customer.html'[37m,
        Γò╡                [32m~~~~~~~~~~~~~~~~~[0m


[31mX [41;31m[[41;97mERROR[41;31m][0m [1mNG8002: Can't bind to 'ngModel' 
since it isn't a known property of 'input'.[0m [1m[35m[plugin 
angular-compiler][0m

    src/app/customer/customer.html:159:12:
[37m      159 Γöé             [32m[(ngModel)]="updatedCustomer.dob"[37m
          Γò╡             [32m~~~~~~~~~~~~~~~~~~~~~~~~~~~~~~~~~[0m

  Error occurs in the template of component CustomerComponent.

    src/app/customer/customer.ts:8:15:
[37m      8 Γöé   templateUrl: [32m'./customer.html'[37m,
        Γò╡                [32m~~~~~~~~~~~~~~~~~[0m


[31mX [41;31m[[41;97mERROR[41;31m][0m [1mNG8002: Can't bind to 'ngModel' 
since it isn't a known property of 'input'.[0m [1m[35m[plugin 
angular-compiler][0m

    src/app/customer/customer.html:170:12:
[37m      170 Γöé             [32m[(ngModel)]="updatedCustomer.gender"[37m
          Γò╡             [32m~~~~~~~~~~~~~~~~~~~~~~~~~~~~~~~~~~~~[0m

  Error occurs in the template of component CustomerComponent.

    src/app/customer/customer.ts:8:15:
[37m      8 Γöé   templateUrl: [32m'./customer.html'[37m,
        Γò╡                [32m~~~~~~~~~~~~~~~~~[0m


[31mX [41;31m[[41;97mERROR[41;31m][0m [1mNG8002: Can't bind to 'ngModel' 
since it isn't a known property of 'input'.[0m [1m[35m[plugin 
angular-compiler][0m

    src/app/customer/customer.html:180:12:
[37m      180 Γöé             
[32m[(ngModel)]="updatedCustomer.phoneNumber"[37m
          Γò╡             [32m~~~~~~~~~~~~~~~~~~~~~~~~~~~~~~~~~~~~~~~~~[0m

  Error occurs in the template of component CustomerComponent.

    src/app/customer/customer.ts:8:15:
[37m      8 Γöé   templateUrl: [32m'./customer.html'[37m,
        Γò╡                [32m~~~~~~~~~~~~~~~~~[0m


[31mX [41;31m[[41;97mERROR[41;31m][0m [1mNG8002: Can't bind to 'ngModel' 
since it isn't a known property of 'input'.[0m [1m[35m[plugin 
angular-compiler][0m

    src/app/location/location.html:96:17:
[37m      96 Γöé                  
[32m[(ngModel)]="newLocation.locationDescription"[37m
         Γò╡                  
[32m~~~~~~~~~~~~~~~~~~~~~~~~~~~~~~~~~~~~~~~~~~~~~[0m

  Error occurs in the template of component LocationComponent.

    src/app/location/location.ts:8:15:
[37m      8 Γöé   templateUrl: [32m'./location.html'[37m,
        Γò╡                [32m~~~~~~~~~~~~~~~~~[0m


[31mX [41;31m[[41;97mERROR[41;31m][0m [1mNG8002: Can't bind to 'ngModel' 
since it isn't a known property of 'input'.[0m [1m[35m[plugin 
angular-compiler][0m

    src/app/location/location.html:104:17:
[37m      104 Γöé                  
[32m[(ngModel)]="newLocation.addressId"[37m
          Γò╡                  [32m~~~~~~~~~~~~~~~~~~~~~~~~~~~~~~~~~~~[0m

  Error occurs in the template of component LocationComponent.

    src/app/location/location.ts:8:15:
[37m      8 Γöé   templateUrl: [32m'./location.html'[37m,
        Γò╡                [32m~~~~~~~~~~~~~~~~~[0m


[31mX [41;31m[[41;97mERROR[41;31m][0m [1mNG8002: Can't bind to 'ngModel' 
since it isn't a known property of 'input'.[0m [1m[35m[plugin 
angular-compiler][0m

    src/app/location/location.html:112:17:
[37m      112 Γöé                  
[32m[(ngModel)]="newLocation.customerId"[37m
          Γò╡                  [32m~~~~~~~~~~~~~~~~~~~~~~~~~~~~~~~~~~~~[0m

  Error occurs in the template of component LocationComponent.

    src/app/location/location.ts:8:15:
[37m      8 Γöé   templateUrl: [32m'./location.html'[37m,
        Γò╡                [32m~~~~~~~~~~~~~~~~~[0m


[31mX [41;31m[[41;97mERROR[41;31m][0m [1mNG8002: Can't bind to 'ngModel' 
since it isn't a known property of 'input'.[0m [1m[35m[plugin 
angular-compiler][0m

    src/app/location/location.html:132:17:
[37m      132 Γöé                  
[32m[(ngModel)]="updatedLocation.locationDescription"[37m
          Γò╡                  
[32m~~~~~~~~~~~~~~~~~~~~~~~~~~~~~~~~~~~~~~~~~~~~~~~~~[0m

  Error occurs in the template of component LocationComponent.

    src/app/location/location.ts:8:15:
[37m      8 Γöé   templateUrl: [32m'./location.html'[37m,
        Γò╡                [32m~~~~~~~~~~~~~~~~~[0m


[31mX [41;31m[[41;97mERROR[41;31m][0m [1mNG8002: Can't bind to 'ngModel' 
since it isn't a known property of 'input'.[0m [1m[35m[plugin 
angular-compiler][0m

    src/app/location/location.html:140:17:
[37m      140 Γöé                  
[32m[(ngModel)]="updatedLocation.locationDescription"[37m
          Γò╡                  
[32m~~~~~~~~~~~~~~~~~~~~~~~~~~~~~~~~~~~~~~~~~~~~~~~~~[0m

  Error occurs in the template of component LocationComponent.

    src/app/location/location.ts:8:15:
[37m      8 Γöé   templateUrl: [32m'./location.html'[37m,
        Γò╡                [32m~~~~~~~~~~~~~~~~~[0m


[31mX [41;31m[[41;97mERROR[41;31m][0m [1mNG8002: Can't bind to 'ngModel' 
since it isn't a known property of 'input'.[0m [1m[35m[plugin 
angular-compiler][0m

    src/app/location/location.html:148:17:
[37m      148 Γöé                  
[32m[(ngModel)]="updatedLocation.customerId"[37m
          Γò╡                  
[32m~~~~~~~~~~~~~~~~~~~~~~~~~~~~~~~~~~~~~~~~[0m

  Error occurs in the template of component LocationComponent.

    src/app/location/location.ts:8:15:
[37m      8 Γöé   templateUrl: [32m'./location.html'[37m,
        Γò╡                [32m~~~~~~~~~~~~~~~~~[0m


[31mX [41;31m[[41;97mERROR[41;31m][0m [1mTS2551: Property 'loadVehicles' 
does not exist on type 'Vehicle'. Did you mean 'vehicles'?[0m 
[1m[35m[plugin angular-compiler][0m

    src/app/vehicle/vehicle.html:6:35:
[37m      6 Γöé ...button type="button" (click)="[32mloadVehicles[37m()" 
[disabled]="loading">
        Γò╡                                  [32m~~~~~~~~~~~~[0m

  Error occurs in the template of component Vehicle.

    src/app/vehicle/vehicle.ts:15:15:
[37m      15 Γöé   templateUrl: [32m'./vehicle.html'[37m,
         Γò╡                [32m~~~~~~~~~~~~~~~~[0m


[31mX [41;31m[[41;97mERROR[41;31m][0m [1mTS2339: Property 'loading' does 
not exist on type 'Vehicle'.[0m [1m[35m[plugin angular-compiler][0m

    src/app/vehicle/vehicle.html:6:63:
[37m      6 Γöé ...button type="button" (click)="loadVehicles()" 
[disabled]="[32mloading[37m">
        Γò╡                                                              
[32m~~~~~~~[0m

  Error occurs in the template of component Vehicle.

    src/app/vehicle/vehicle.ts:15:15:
[37m      15 Γöé   templateUrl: [32m'./vehicle.html'[37m,
         Γò╡                [32m~~~~~~~~~~~~~~~~[0m


[31mX [41;31m[[41;97mERROR[41;31m][0m [1mTS2339: Property 'loading' does 
not exist on type 'Vehicle'.[0m [1m[35m[plugin angular-compiler][0m

    src/app/vehicle/vehicle.html:11:7:
[37m      11 Γöé   @if ([32mloading[37m) {
         Γò╡        [32m~~~~~~~[0m

  Error occurs in the template of component Vehicle.

    src/app/vehicle/vehicle.ts:15:15:
[37m      15 Γöé   templateUrl: [32m'./vehicle.html'[37m,
         Γò╡                [32m~~~~~~~~~~~~~~~~[0m


[31mX [41;31m[[41;97mERROR[41;31m][0m [1mTS2339: Property 'errorMessage' 
does not exist on type 'Vehicle'.[0m [1m[35m[plugin angular-compiler][0m

    src/app/vehicle/vehicle.html:15:7:
[37m      15 Γöé   @if ([32merrorMessage[37m) {
         Γò╡        [32m~~~~~~~~~~~~[0m

  Error occurs in the template of component Vehicle.

    src/app/vehicle/vehicle.ts:15:15:
[37m      15 Γöé   templateUrl: [32m'./vehicle.html'[37m,
         Γò╡                [32m~~~~~~~~~~~~~~~~[0m


[31mX [41;31m[[41;97mERROR[41;31m][0m [1mTS2339: Property 'errorMessage' 
does not exist on type 'Vehicle'.[0m [1m[35m[plugin angular-compiler][0m

    src/app/vehicle/vehicle.html:16:24:
[37m      16 Γöé     <p class="error">{{ [32merrorMessage[37m }}</p>
         Γò╡                         [32m~~~~~~~~~~~~[0m

  Error occurs in the template of component Vehicle.

    src/app/vehicle/vehicle.ts:15:15:
[37m      15 Γöé   templateUrl: [32m'./vehicle.html'[37m,
         Γò╡                [32m~~~~~~~~~~~~~~~~[0m


[31mX [41;31m[[41;97mERROR[41;31m][0m [1mTS2339: Property 'loading' does 
not exist on type 'Vehicle'.[0m [1m[35m[plugin angular-compiler][0m

    src/app/vehicle/vehicle.html:19:8:
[37m      19 Γöé   @if (![32mloading[37m && vehicles.length === 0 && 
!errorMessage) {
         Γò╡         [32m~~~~~~~[0m

  Error occurs in the template of component Vehicle.

    src/app/vehicle/vehicle.ts:15:15:
[37m      15 Γöé   templateUrl: [32m'./vehicle.html'[37m,
         Γò╡                [32m~~~~~~~~~~~~~~~~[0m


[31mX [41;31m[[41;97mERROR[41;31m][0m [1mTS2339: Property 'errorMessage' 
does not exist on type 'Vehicle'.[0m [1m[35m[plugin angular-compiler][0m

    src/app/vehicle/vehicle.html:19:45:
[37m      19 Γöé   @if (!loading && vehicles.length === 0 && 
![32merrorMessage[37m) {
         Γò╡                                              [32m~~~~~~~~~~~~[0m

  Error occurs in the template of component Vehicle.

    src/app/vehicle/vehicle.ts:15:15:
[37m      15 Γöé   templateUrl: [32m'./vehicle.html'[37m,
         Γò╡                [32m~~~~~~~~~~~~~~~~[0m


[31mX [41;31m[[41;97mERROR[41;31m][0m [1mTS2339: Property 'id' does not 
exist on type 'VehicleRecord'.[0m [1m[35m[plugin angular-compiler][0m

    src/app/vehicle/vehicle.html:42:51:
[37m      42 Γöé ... (vehicle of vehicles; track vehicle.[32mid[37m ?? 
vehicle.licensePlate) {
         Γò╡                                         [32m~~[0m

  Error occurs in the template of component Vehicle.

    src/app/vehicle/vehicle.ts:15:15:
[37m      15 Γöé   templateUrl: [32m'./vehicle.html'[37m,
         Γò╡                [32m~~~~~~~~~~~~~~~~[0m


[31mX [41;31m[[41;97mERROR[41;31m][0m [1mTS2339: Property 
'loadVehicleById' does not exist on type 'Vehicle'.[0m [1m[35m[plugin 
angular-compiler][0m

    src/app/vehicle/vehicle.html:47:28:
[37m      47 Γöé                    
(click)="[32mloadVehicleById[37m(vehicle.id ?? 0)">
         Γò╡                             [32m~~~~~~~~~~~~~~~[0m

  Error occurs in the template of component Vehicle.

    src/app/vehicle/vehicle.ts:15:15:
[37m      15 Γöé   templateUrl: [32m'./vehicle.html'[37m,
         Γò╡                [32m~~~~~~~~~~~~~~~~[0m


[31mX [41;31m[[41;97mERROR[41;31m][0m [1mTS2339: Property 'id' does not 
exist on type 'VehicleRecord'.[0m [1m[35m[plugin angular-compiler][0m

    src/app/vehicle/vehicle.html:47:52:
[37m      47 Γöé                    
(click)="loadVehicleById(vehicle.[32mid[37m ?? 0)">
         Γò╡                                                     [32m~~[0m

  Error occurs in the template of component Vehicle.

    src/app/vehicle/vehicle.ts:15:15:
[37m      15 Γöé   templateUrl: [32m'./vehicle.html'[37m,
         Γò╡                [32m~~~~~~~~~~~~~~~~[0m


[31mX [41;31m[[41;97mERROR[41;31m][0m [1mTS2551: Property 
'deleteVehicle' does not exist on type 'Vehicle'. Did you mean 
'selectedVehicle'?[0m [1m[35m[plugin angular-compiler][0m

    src/app/vehicle/vehicle.html:60:33:
[37m      60 Γöé                         
(click)="[32mdeleteVehicle[37m(vehicle.id ?? 0)">
         Γò╡                                  [32m~~~~~~~~~~~~~[0m

  Error occurs in the template of component Vehicle.

    src/app/vehicle/vehicle.ts:15:15:
[37m      15 Γöé   templateUrl: [32m'./vehicle.html'[37m,
         Γò╡                [32m~~~~~~~~~~~~~~~~[0m


[31mX [41;31m[[41;97mERROR[41;31m][0m [1mTS2339: Property 'id' does not 
exist on type 'VehicleRecord'.[0m [1m[35m[plugin angular-compiler][0m

    src/app/vehicle/vehicle.html:60:55:
[37m      60 Γöé                         
(click)="deleteVehicle(vehicle.[32mid[37m ?? 0)">
         Γò╡                                                        [32m~~[0m

  Error occurs in the template of component Vehicle.

    src/app/vehicle/vehicle.ts:15:15:
[37m      15 Γöé   templateUrl: [32m'./vehicle.html'[37m,
         Γò╡                [32m~~~~~~~~~~~~~~~~[0m


[31mX [41;31m[[41;97mERROR[41;31m][0m [1mTS2551: Property 
'deleteVehicle' does not exist on type 'Vehicle'. Did you mean 
'selectedVehicle'?[0m [1m[35m[plugin angular-compiler][0m

    src/app/vehicle/vehicle.html:100:25:
[37m      100 Γöé                 
(click)="[32mdeleteVehicle[37m(selectedVehicle.id ?? 0)">
          Γò╡                          [32m~~~~~~~~~~~~~[0m

  Error occurs in the template of component Vehicle.

    src/app/vehicle/vehicle.ts:15:15:
[37m      15 Γöé   templateUrl: [32m'./vehicle.html'[37m,
         Γò╡                [32m~~~~~~~~~~~~~~~~[0m


[31mX [41;31m[[41;97mERROR[41;31m][0m [1mTS2339: Property 'id' does not 
exist on type 'VehicleRecord'.[0m [1m[35m[plugin angular-compiler][0m

    src/app/vehicle/vehicle.html:100:55:
[37m      100 Γöé                 
(click)="deleteVehicle(selectedVehicle.[32mid[37m ?? 0)">
          Γò╡                                                        
[32m~~[0m

  Error occurs in the template of component Vehicle.

    src/app/vehicle/vehicle.ts:15:15:
[37m      15 Γöé   templateUrl: [32m'./vehicle.html'[37m,
         Γò╡                [32m~~~~~~~~~~~~~~~~[0m


[31mX [41;31m[[41;97mERROR[41;31m][0m [1mTS2339: Property 
'createVehicle' does not exist on type 'Vehicle'.[0m [1m[35m[plugin 
angular-compiler][0m

    src/app/vehicle/vehicle.html:115:24:
[37m      115 Γöé       <form 
(ngSubmit)="[32mcreateVehicle[37m(newVehicle)">
          Γò╡                         [32m~~~~~~~~~~~~~[0m

  Error occurs in the template of component Vehicle.

    src/app/vehicle/vehicle.ts:15:15:
[37m      15 Γöé   templateUrl: [32m'./vehicle.html'[37m,
         Γò╡                [32m~~~~~~~~~~~~~~~~[0m


[31mX [41;31m[[41;97mERROR[41;31m][0m [1mNG8002: Can't bind to 'ngModel' 
since it isn't a known property of 'input'.[0m [1m[35m[plugin 
angular-compiler][0m

    src/app/vehicle/vehicle.html:119:29:
[37m      119 Γöé ...put type="text" [32m[(ngModel)]="newVehicle.brand"[37m 
name="brand" re...
          Γò╡                    [32m~~~~~~~~~~~~~~~~~~~~~~~~~~~~~~[0m

  Error occurs in the template of component Vehicle.

    src/app/vehicle/vehicle.ts:15:15:
[37m      15 Γöé   templateUrl: [32m'./vehicle.html'[37m,
         Γò╡                [32m~~~~~~~~~~~~~~~~[0m


[31mX [41;31m[[41;97mERROR[41;31m][0m [1mNG8002: Can't bind to 'ngModel' 
since it isn't a known property of 'input'.[0m [1m[35m[plugin 
angular-compiler][0m

    src/app/vehicle/vehicle.html:124:29:
[37m      124 Γöé ...put type="text" [32m[(ngModel)]="newVehicle.model"[37m 
name="model" re...
          Γò╡                    [32m~~~~~~~~~~~~~~~~~~~~~~~~~~~~~~[0m

  Error occurs in the template of component Vehicle.

    src/app/vehicle/vehicle.ts:15:15:
[37m      15 Γöé   templateUrl: [32m'./vehicle.html'[37m,
         Γò╡                [32m~~~~~~~~~~~~~~~~[0m


[31mX [41;31m[[41;97mERROR[41;31m][0m [1mNG8002: Can't bind to 'ngModel' 
since it isn't a known property of 'input'.[0m [1m[35m[plugin 
angular-compiler][0m

    src/app/vehicle/vehicle.html:129:31:
[37m      129 Γöé ...ut type="number" [32m[(ngModel)]="newVehicle.year"[37m 
name="year" req...
          Γò╡                     [32m~~~~~~~~~~~~~~~~~~~~~~~~~~~~~[0m

  Error occurs in the template of component Vehicle.

    src/app/vehicle/vehicle.ts:15:15:
[37m      15 Γöé   templateUrl: [32m'./vehicle.html'[37m,
         Γò╡                [32m~~~~~~~~~~~~~~~~[0m


[31mX [41;31m[[41;97mERROR[41;31m][0m [1mNG8002: Can't bind to 'ngModel' 
since it isn't a known property of 'input'.[0m [1m[35m[plugin 
angular-compiler][0m

    src/app/vehicle/vehicle.html:134:29:
[37m      134 Γöé ... type="text" 
[32m[(ngModel)]="newVehicle.licensePlate"[37m name="licen...
          Γò╡                 [32m~~~~~~~~~~~~~~~~~~~~~~~~~~~~~~~~~~~~~[0m

  Error occurs in the template of component Vehicle.

    src/app/vehicle/vehicle.ts:15:15:
[37m      15 Γöé   templateUrl: [32m'./vehicle.html'[37m,
         Γò╡                [32m~~~~~~~~~~~~~~~~[0m


[31mX [41;31m[[41;97mERROR[41;31m][0m [1mNG8002: Can't bind to 'ngModel' 
since it isn't a known property of 'select'.[0m [1m[35m[plugin 
angular-compiler][0m

    src/app/vehicle/vehicle.html:139:18:
[37m      139 Γöé           <select [32m[(ngModel)]="newVehicle.type"[37m 
name="type" requi...
          Γò╡                   [32m~~~~~~~~~~~~~~~~~~~~~~~~~~~~~[0m

  Error occurs in the template of component Vehicle.

    src/app/vehicle/vehicle.ts:15:15:
[37m      15 Γöé   templateUrl: [32m'./vehicle.html'[37m,
         Γò╡                [32m~~~~~~~~~~~~~~~~[0m


[31mX [41;31m[[41;97mERROR[41;31m][0m [1mNG8002: Can't bind to 'ngModel' 
since it isn't a known property of 'input'.[0m [1m[35m[plugin 
angular-compiler][0m

    src/app/vehicle/vehicle.html:148:29:
[37m      148 Γöé ...put type="text" [32m[(ngModel)]="newVehicle.color"[37m 
name="color" re...
          Γò╡                    [32m~~~~~~~~~~~~~~~~~~~~~~~~~~~~~~[0m

  Error occurs in the template of component Vehicle.

    src/app/vehicle/vehicle.ts:15:15:
[37m      15 Γöé   templateUrl: [32m'./vehicle.html'[37m,
         Γò╡                [32m~~~~~~~~~~~~~~~~[0m


[31mX [41;31m[[41;97mERROR[41;31m][0m [1mTS2551: Property 
'updateVehicle' does not exist on type 'Vehicle'. Did you mean 
'updatedVehicle'?[0m [1m[35m[plugin angular-compiler][0m

    src/app/vehicle/vehicle.html:172:24:
[37m      172 Γöé       <form 
(ngSubmit)="[32mupdateVehicle[37m(updatedVehicle.id!, updated...
          Γò╡                         [32m~~~~~~~~~~~~~[0m

  Error occurs in the template of component Vehicle.

    src/app/vehicle/vehicle.ts:15:15:
[37m      15 Γöé   templateUrl: [32m'./vehicle.html'[37m,
         Γò╡                [32m~~~~~~~~~~~~~~~~[0m


[31mX [41;31m[[41;97mERROR[41;31m][0m [1mTS2339: Property 'id' does not 
exist on type 'VehicleRecord'.[0m [1m[35m[plugin angular-compiler][0m

    src/app/vehicle/vehicle.html:172:53:
[37m      172 Γöé ...m 
(ngSubmit)="updateVehicle(updatedVehicle.[32mid[37m!, updatedVehicle)">
          Γò╡                                               [32m~~[0m

  Error occurs in the template of component Vehicle.

    src/app/vehicle/vehicle.ts:15:15:
[37m      15 Γöé   templateUrl: [32m'./vehicle.html'[37m,
         Γò╡                [32m~~~~~~~~~~~~~~~~[0m


[31mX [41;31m[[41;97mERROR[41;31m][0m [1mNG8002: Can't bind to 'ngModel' 
since it isn't a known property of 'input'.[0m [1m[35m[plugin 
angular-compiler][0m

    src/app/vehicle/vehicle.html:176:29:
[37m      176 Γöé ...t type="text" 
[32m[(ngModel)]="updatedVehicle.brand"[37m name="brand" ...
          Γò╡                  [32m~~~~~~~~~~~~~~~~~~~~~~~~~~~~~~~~~~[0m

  Error occurs in the template of component Vehicle.

    src/app/vehicle/vehicle.ts:15:15:
[37m      15 Γöé   templateUrl: [32m'./vehicle.html'[37m,
         Γò╡                [32m~~~~~~~~~~~~~~~~[0m


[31mX [41;31m[[41;97mERROR[41;31m][0m [1mNG8002: Can't bind to 'ngModel' 
since it isn't a known property of 'input'.[0m [1m[35m[plugin 
angular-compiler][0m

    src/app/vehicle/vehicle.html:181:29:
[37m      181 Γöé ...t type="text" 
[32m[(ngModel)]="updatedVehicle.model"[37m name="model" ...
          Γò╡                  [32m~~~~~~~~~~~~~~~~~~~~~~~~~~~~~~~~~~[0m

  Error occurs in the template of component Vehicle.

    src/app/vehicle/vehicle.ts:15:15:
[37m      15 Γöé   templateUrl: [32m'./vehicle.html'[37m,
         Γò╡                [32m~~~~~~~~~~~~~~~~[0m


[31mX [41;31m[[41;97mERROR[41;31m][0m [1mNG8002: Can't bind to 'ngModel' 
since it isn't a known property of 'input'.[0m [1m[35m[plugin 
angular-compiler][0m

    src/app/vehicle/vehicle.html:186:31:
[37m      186 Γöé ... type="number" 
[32m[(ngModel)]="updatedVehicle.year"[37m name="year" r...
          Γò╡                   [32m~~~~~~~~~~~~~~~~~~~~~~~~~~~~~~~~~[0m

  Error occurs in the template of component Vehicle.

    src/app/vehicle/vehicle.ts:15:15:
[37m      15 Γöé   templateUrl: [32m'./vehicle.html'[37m,
         Γò╡                [32m~~~~~~~~~~~~~~~~[0m


[31mX [41;31m[[41;97mERROR[41;31m][0m [1mNG8002: Can't bind to 'ngModel' 
since it isn't a known property of 'input'.[0m [1m[35m[plugin 
angular-compiler][0m

    src/app/vehicle/vehicle.html:191:29:
[37m      191 Γöé ...ype="text" 
[32m[(ngModel)]="updatedVehicle.licensePlate"[37m name="lic...
          Γò╡               [32m~~~~~~~~~~~~~~~~~~~~~~~~~~~~~~~~~~~~~~~~~[0m

  Error occurs in the template of component Vehicle.

    src/app/vehicle/vehicle.ts:15:15:
[37m      15 Γöé   templateUrl: [32m'./vehicle.html'[37m,
         Γò╡                [32m~~~~~~~~~~~~~~~~[0m


[31mX [41;31m[[41;97mERROR[41;31m][0m [1mNG8002: Can't bind to 'ngModel' 
since it isn't a known property of 'select'.[0m [1m[35m[plugin 
angular-compiler][0m

    src/app/vehicle/vehicle.html:196:18:
[37m      196 Γöé           <select 
[32m[(ngModel)]="updatedVehicle.type"[37m name="type" r...
          Γò╡                   [32m~~~~~~~~~~~~~~~~~~~~~~~~~~~~~~~~~[0m

  Error occurs in the template of component Vehicle.

    src/app/vehicle/vehicle.ts:15:15:
[37m      15 Γöé   templateUrl: [32m'./vehicle.html'[37m,
         Γò╡                [32m~~~~~~~~~~~~~~~~[0m


[31mX [41;31m[[41;97mERROR[41;31m][0m [1mNG8002: Can't bind to 'ngModel' 
since it isn't a known property of 'input'.[0m [1m[35m[plugin 
angular-compiler][0m

    src/app/vehicle/vehicle.html:205:29:
[37m      205 Γöé ...t type="text" 
[32m[(ngModel)]="updatedVehicle.color"[37m name="color" ...
          Γò╡                  [32m~~~~~~~~~~~~~~~~~~~~~~~~~~~~~~~~~~[0m

  Error occurs in the template of component Vehicle.

    src/app/vehicle/vehicle.ts:15:15:
[37m      15 Γöé   templateUrl: [32m'./vehicle.html'[37m,
         Γò╡                [32m~~~~~~~~~~~~~~~~[0m


